MAP
    NAME "parcels map"
    STATUS ON
    SIZE 256 256


    PROJECTION
      "init=epsg:3857"
    END

    WEB
      METADATA
        "wms_title" "MapsLab.io cloud mapping and development"
        "wms_onlineresource" "http://18.185.69.236/cgi-bin/mapserv?"
        "wms_enable_request" "*"
        "wms_srs" "EPSG:3857"
        "wms_feature_info_mime_type" "text/html"
        "wms_format" "image/png"
      END
    END

    LAYER
      NAME         "parcels"
      STATUS       on
      TYPE         POLYGON
      CONNECTIONTYPE POSTGIS
      CONNECTION "host=127.0.0.1 port=5432 dbname=razgrad user=gis password=gis"
      DATA "geom from raz_parcels using unique gid using srid=7801"
      PROJECTION
        "init=epsg:7801"
#        "proj=lcc"
#        "lat_1=42"
#        "lat_2=43.33333333333334"
#        "lat_0=42.66787568333333"
#        "lon_0=25.5"
#        "x_0=500000"
#        "y_0=4725824.3591"
#        "ellps=GRS80"
#        "units=m"
3        "no_defs"
      END
      METADATA
        "wms_title" "parcels"
      END
      CLASS
        STYLE
          outlineCOLOR 20 40 20
        END
      END
    END

END